
> LUXORA@0.0.0 build
> tsc -b && vite build

src/pages/MenPage.tsx(29,10): error TS6133: 'showFilters' is declared but its value is never read.
src/pages/MenPage.tsx(29,23): error TS6133: 'setShowFilters' is declared but its value is never read.
src/pages/ShopPage.tsx(2,27): error TS6133: 'Link' is declared but its value is never read.
src/pages/ShopPage.tsx(10,3): error TS6133: 'ShoppingCart' is declared but its value is never read.
src/pages/ShopPage.tsx(11,3): error TS6133: 'Heart' is declared but its value is never read.
src/pages/ShopPage.tsx(12,3): error TS6133: 'Star' is declared but its value is never read.
src/pages/ShopPage.tsx(15,3): error TS6133: 'ArrowRight' is declared but its value is never read.
src/pages/ShopPage.tsx(35,9): error TS6133: 'cardsRef' is declared but its value is never read.
src/pages/ShopPage.tsx(91,21): error TS2304: Cannot find name 'id'.
src/pages/WomenPage.tsx(28,10): error TS6133: 'showFilters' is declared but its value is never read.
src/pages/WomenPage.tsx(28,23): error TS6133: 'setShowFilters' is declared but its value is never read.
src/sections/Hero.tsx(118,11): error TS2322: Type '{ src: string; alt: string; loading: "eager"; fetchpriority: string; decoding: "async"; className: string; }' is not assignable to type 'DetailedHTMLProps<ImgHTMLAttributes<HTMLImageElement>, HTMLImageElement>'.
  Property 'fetchpriority' does not exist on type 'DetailedHTMLProps<ImgHTMLAttributes<HTMLImageElement>, HTMLImageElement>'. Did you mean 'fetchPriority'?
